[sidecarB] DIAGNOSTIC ONLY - no strategy, no orders, no eligibility impact
[sidecarB] -> /home/hr/xamarin-ai/captures/diagnostics/rtds_sidecarB_20260816T114956Z.db
[sidecarB] RECONNECT generation=1
[sidecarB] GAP crypto_prices_chainlink topic_stalled 33.1s
[sidecarB] GAP crypto_prices_twap_sixty topic_stalled 33.2s
[sidecarB] GAP crypto_prices topic_stalled 31.9s
[sidecarB] GAP crypto_prices_twap_thirty topic_stalled 33.3s
[sidecarB] RECONNECT generation=2
[sidecarB] GAP crypto_prices topic_stalled 31.2s
[sidecarB] GAP crypto_prices_twap_thirty topic_stalled 31.4s
[sidecarB] GAP crypto_prices_twap_sixty topic_stalled 31.4s
[sidecarB] GAP crypto_prices_chainlink topic_stalled 31.5s
[sidecarB] RECONNECT generation=3
[sidecarB] GAP crypto_prices topic_stalled 31.2s
[sidecarB] GAP crypto_prices_twap_sixty topic_stalled 31.3s
[sidecarB] GAP crypto_prices_chainlink topic_stalled 32.2s
[sidecarB] GAP crypto_prices_twap_thirty topic_stalled 31.5s
[sidecarB] RECONNECT generation=4
[sidecarB] GAP crypto_prices topic_stalled 31.1s
[sidecarB] GAP crypto_prices_twap_thirty topic_stalled 32.8s
[sidecarB] GAP crypto_prices_chainlink topic_stalled 32.6s
[sidecarB] GAP crypto_prices_twap_sixty topic_stalled 32.8s
[sidecarB] RECONNECT generation=5
[sidecarB] GAP crypto_prices_twap_sixty topic_stalled 31.1s
[sidecarB] GAP crypto_prices_twap_thirty topic_stalled 31.0s
[sidecarB] GAP crypto_prices topic_stalled 32.0s
[sidecarB] GAP crypto_prices_chainlink topic_stalled 31.8s
[sidecarB] RECONNECT generation=6
[sidecarB] GAP crypto_prices_twap_sixty topic_stalled 30.8s
[sidecarB] GAP crypto_prices_twap_thirty topic_stalled 30.8s
[sidecarB] GAP crypto_prices topic_stalled 31.1s
[sidecarB] GAP crypto_prices_chainlink topic_stalled 32.5s
[sidecarB] RECONNECT generation=7
[sidecarB] GAP crypto_prices topic_stalled 32.0s
[sidecarB] GAP crypto_prices_twap_thirty topic_stalled 33.2s
[sidecarB] GAP crypto_prices_twap_sixty topic_stalled 32.1s
[sidecarB] GAP crypto_prices_chainlink topic_stalled 32.4s
[sidecarB] RECONNECT generation=8
[sidecarB] GAP crypto_prices topic_stalled 32.0s
[sidecarB] GAP crypto_prices_chainlink topic_stalled 32.0s
[sidecarB] GAP crypto_prices_twap_thirty topic_stalled 32.0s
[sidecarB] GAP crypto_prices_twap_sixty topic_stalled 32.0s
[sidecarB] RECONNECT generation=9
[sidecarB] GAP crypto_prices topic_stalled 31.9s
[sidecarB] GAP crypto_prices_chainlink topic_stalled 32.1s
[sidecarB] GAP crypto_prices_twap_thirty topic_stalled 31.9s
[sidecarB] GAP crypto_prices_twap_sixty topic_stalled 32.3s
[sidecarB] RECONNECT generation=10
[sidecarB] GAP crypto_prices_chainlink topic_stalled 31.1s
[sidecarB] GAP crypto_prices topic_stalled 32.2s
[sidecarB] GAP crypto_prices_twap_sixty topic_stalled 32.1s
[sidecarB] GAP crypto_prices_twap_thirty topic_stalled 32.3s
[sidecarB] RECONNECT generation=11
[sidecarB] GAP crypto_prices_twap_thirty topic_stalled 31.3s
[sidecarB] GAP crypto_prices_chainlink topic_stalled 31.4s
[sidecarB] GAP crypto_prices_twap_sixty topic_stalled 31.4s
[sidecarB] GAP crypto_prices topic_stalled 32.3s
[sidecarB] RECONNECT generation=12
[sidecarB] GAP crypto_prices_twap_thirty topic_stalled 31.6s
[sidecarB] GAP crypto_prices_twap_sixty topic_stalled 31.7s
[sidecarB] GAP crypto_prices_chainlink topic_stalled 32.3s
[sidecarB] GAP crypto_prices topic_stalled 32.1s
