[sidecarA] DIAGNOSTIC ONLY - no strategy, no orders, no eligibility impact
[sidecarA] -> /home/hr/xamarin-ai/captures/diagnostics/rtds_sidecarA_20260816T114936Z.db
[sidecarA] RECONNECT generation=1
[sidecarA] GAP crypto_prices topic_stalled 31.1s
[sidecarA] GAP crypto_prices_chainlink topic_stalled 32.1s
[sidecarA] GAP crypto_prices_twap_thirty topic_stalled 32.1s
[sidecarA] GAP crypto_prices_twap_sixty topic_stalled 32.0s
[sidecarA] RECONNECT generation=2
[sidecarA] GAP crypto_prices_twap_thirty topic_stalled 31.6s
[sidecarA] GAP crypto_prices topic_stalled 32.0s
[sidecarA] GAP crypto_prices_chainlink topic_stalled 32.3s
[sidecarA] GAP crypto_prices_twap_sixty topic_stalled 32.5s
[sidecarA] RECONNECT generation=3
[sidecarA] GAP crypto_prices topic_stalled 31.9s
[sidecarA] GAP crypto_prices_twap_sixty topic_stalled 33.4s
[sidecarA] GAP crypto_prices_chainlink topic_stalled 32.6s
[sidecarA] GAP crypto_prices_twap_thirty topic_stalled 33.6s
[sidecarA] RECONNECT generation=4
[sidecarA] GAP crypto_prices topic_stalled 32.3s
[sidecarA] GAP crypto_prices_twap_thirty topic_stalled 32.7s
[sidecarA] GAP crypto_prices_chainlink topic_stalled 32.1s
[sidecarA] GAP crypto_prices_twap_sixty topic_stalled 32.9s
[sidecarA] RECONNECT generation=5
[sidecarA] GAP crypto_prices topic_stalled 31.0s
[sidecarA] GAP crypto_prices_chainlink topic_stalled 32.2s
[sidecarA] GAP crypto_prices_twap_sixty topic_stalled 32.5s
[sidecarA] GAP crypto_prices_twap_thirty topic_stalled 32.3s
[sidecarA] RECONNECT generation=6
[sidecarA] GAP crypto_prices topic_stalled 31.2s
[sidecarA] GAP crypto_prices_chainlink topic_stalled 31.3s
[sidecarA] GAP crypto_prices_twap_thirty topic_stalled 31.2s
[sidecarA] GAP crypto_prices_twap_sixty topic_stalled 31.2s
